8:06

Copyright (c) 1991, 2010, Oracle.  All rights reserved.

NL-00853: 未定义的  命令 "stop;"。请尝试 "help"

C:\Users\Administrator>help
有关某个命令的详细信息，请键入 HELP 命令名
ASSOC          显示或修改文件扩展名关联。
ATTRIB         显示或更改文件属性。
BREAK          设置或清除扩展式 CTRL+C 检查。
BCDEDIT        设置启动数据库中的属性以控制启动加载。
CACLS          显示或修改文件的访问控制列表(ACL)。
CALL           从另一个批处理程序调用这一个。
CD             显示当前目录的名称或将其更改。
CHCP           显示或设置活动代码页数。
CHDIR          显示当前目录的名称或将其更改。
CHKDSK         检查磁盘并显示状态报告。
CHKNTFS        显示或修改启动时间磁盘检查。
CLS            清除屏幕。
CMD            打开另一个 Windows 命令解释程序窗口。
COLOR          设置默认控制台前景和背景颜色。
COMP           比较两个或两套文件的内容。
COMPACT        显示或更改 NTFS 分区上文件的压缩。
CONVERT        将 FAT 卷转换成 NTFS。您不能转换
               当前驱动器。
COPY           将至少一个文件复制到另一个位置。
DATE           显示或设置日期。
DEL            删除至少一个文件。
DIR            显示一个目录中的文件和子目录。
DISKCOMP       比较两个软盘的内容。
DISKCOPY       将一个软盘的内容复制到另一个软盘。
DISKPART       显示或配置磁盘分区属性。
DOSKEY         编辑命令行、调用 Windows 命令并创建宏。
DRIVERQUERY    显示当前设备驱动程序状态和属性。
ECHO           显示消息，或将命令回显打开或关上。
ENDLOCAL       结束批文件中环境更改的本地化。
ERASE          删除一个或多个文件。
EXIT           退出 CMD.EXE 程序(命令解释程序)。
FC             比较两个文件或两个文件集并显示它们之间的不同。
FIND           在一个或多个文件中搜索一个文本字符串。
FINDSTR        在多个文件中搜索字符串。
FOR            为一套文件中的每个文件运行一个指定的命令。
FORMAT         格式化磁盘，以便跟 Windows 使用。
FSUTIL         显示或配置文件系统的属性。
FTYPE          显示或修改用在文件扩展名关联的文件类型。
GOTO           将 Windows 命令解释程序指向批处理程序
               中某个带标签的行。
GPRESULT       显示机器或用户的组策略信息。
GRAFTABL       启用 Windows 在图形模式显示扩展字符集。
HELP           提供 Windows 命令的帮助信息。
ICACLS         显示、修改、备份或还原文件和
 目录的 ACL。
IF             在批处理程序中执行有条件的处理过程。
LABEL          创建、更改或删除磁盘的卷标。
MD             创建一个目录。
MKDIR          创建一个目录。
MKLINK         创建符号链接和硬链接
MODE           配置系统设备。
MORE           逐屏显示输出。
MOVE           将一个或多个文件从一个目录移动到另一个目录。
OPENFILES      显示远程用户为了文件共享而打开的文件。
PATH           为可执行文件显示或设置搜索路径。
PAUSE          停止批处理文件的处理并显示信息。
POPD           还原由 PUSHD 保存的当前目录上一次的值。
PRINT          打印一个文本文件。
PROMPT         改变 Windows 命令提示。
PUSHD          保存当前目录，然后对其进行更改。
RD             删除目录。
RECOVER        从损坏的磁盘中恢复可读取的信息。
REM            记录批处理文件或 CONFIG.SYS 中的注释。
REN            重新命名文件。
RENAME         重新命名文件。
REPLACE        替换文件。
RMDIR          删除目录。
ROBOCOPY       复制文件和目录树的高级实用程序
SET            显示、设置或删除 Windows 环境变量。
SETLOCAL       开始用批文件改变环境的本地化。
SC             显示或配置服务(后台处理)。
SCHTASKS       安排命令和程序在一部计算机上按计划运行。
SHIFT          调整批处理文件中可替换参数的位置。
SHUTDOWN       让机器在本地或远程正确关闭。
SORT           将输入排序。
START          打开单独视窗运行指定程序或命令。
SUBST          将驱动器号与路径关联。
SYSTEMINFO     显示机器的具体的属性和配置。
TASKLIST       显示包括服务的所有当前运行的任务。
TASKKILL       终止正在运行的进程或应用程序。
TIME           显示或设置系统时间。
TITLE          设置 CMD.EXE 会话的窗口标题。
TREE           以图形显示启动器或路径的目录结构。
TYPE           显示文本文件的内容。
VER            显示 Windows 的版本。
VERIFY         告诉 Windows 验证文件是否正确写入磁盘。
VOL            显示磁盘卷标和序列号。
XCOPY          复制文件和目录树。
WMIC           在交互命令外壳里显示 WMI 信息。

有关工具的详细信息，请参阅联机帮助中的命令行参考。

C:\Users\Administrator>net stop OracleServiceORCL;
服务名无效。

请键入 NET HELPMSG 2185 以获得更多的帮助。


C:\Users\Administrator>lsnrctl stop

LSNRCTL for 32-bit Windows: Version 11.2.0.1.0 - Production on 14-1月 -2018 10:1
0:43

Copyright (c) 1991, 2010, Oracle.  All rights reserved.

正在连接到 (DESCRIPTION=(ADDRESS=(PROTOCOL=IPC)(KEY=EXTPROC1521)))
命令执行成功

C:\Users\Administrator>lsnrctl start

LSNRCTL for 32-bit Windows: Version 11.2.0.1.0 - Production on 14-1月 -2018 10:1
1:03

Copyright (c) 1991, 2010, Oracle.  All rights reserved.

启动tnslsnr: 请稍候...

TNSLSNR for 32-bit Windows: Version 11.2.0.1.0 - Production
系统参数文件为C:\app\Administrator\product\11.2.0\dbhome_1\network\admin\listene
r.ora
写入c:\app\administrator\diag\tnslsnr\A45\listener\alert\log.xml的日志信息
监听: (DESCRIPTION=(ADDRESS=(PROTOCOL=ipc)(PIPENAME=\\.\pipe\EXTPROC1521ipc)))
监听: (DESCRIPTION=(ADDRESS=(PROTOCOL=tcp)(HOST=127.0.0.1)(PORT=1521)))

正在连接到 (DESCRIPTION=(ADDRESS=(PROTOCOL=IPC)(KEY=EXTPROC1521)))
LISTENER 的 STATUS
------------------------
别名                      LISTENER
版本                      TNSLSNR for 32-bit Windows: Version 11.2.0.1.0 - Produ
ction
启动日期                  14-1月 -2018 10:11:07
正常运行时间              0 天 0 小时 0 分 3 秒
跟踪级别                  off
安全性                    ON: Local OS Authentication
SNMP                      OFF
监听程序参数文件          C:\app\Administrator\product\11.2.0\dbhome_1\network\a
dmin\listener.ora
监听程序日志文件          c:\app\administrator\diag\tnslsnr\A45\listener\alert\l
og.xml
监听端点概要...
  (DESCRIPTION=(ADDRESS=(PROTOCOL=ipc)(PIPENAME=\\.\pipe\EXTPROC1521ipc)))
  (DESCRIPTION=(ADDRESS=(PROTOCOL=tcp)(HOST=127.0.0.1)(PORT=1521)))
服务摘要..
服务 "CLRExtProc" 包含 1 个实例。
  实例 "CLRExtProc", 状态 UNKNOWN, 包含此服务的 1 个处理程序...
命令执行成功

C:\Users\Administrator>net stop OracleServiceORCl
OracleServiceORCL 服务正在停止....
OracleServiceORCL 服务已成功停止。


C:\Users\Administrator>net start OracleServiceORCl
OracleServiceORCL 服务正在启动 .....
OracleServiceORCL 服务已经启动成功。


C:\Users\Administrator>sqlplus

SQL*Plus: Release 11.2.0.1.0 Production on 星期日 1月 14 10:14:23 2018

Copyright (c) 1982, 2010, Oracle.  All rights reserved.

请输入用户名:  sys as sysdba
输入口令:

连接到:
Oracle Database 11g Enterprise Edition Release 11.2.0.1.0 - Production
With the Partitioning, OLAP, Data Mining and Real Application Testing options

SQL> show parameters db_name;

NAME                                 TYPE        VALUE
------------------------------------ ----------- ------------------------------
db_name                              string      orcl
SQL> help index

Enter Help [topic] for help.

 @             COPY         PAUSE                    SHUTDOWN
 @@            DEFINE       PRINT                    SPOOL
 /             DEL          PROMPT                   SQLPLUS
 ACCEPT        DESCRIBE     QUIT                     START
 APPEND        DISCONNECT   RECOVER                  STARTUP
 ARCHIVE LOG   EDIT         REMARK                   STORE
 ATTRIBUTE     EXECUTE      REPFOOTER                TIMING
 BREAK         EXIT         REPHEADER                TTITLE
 BTITLE        GET          RESERVED WORDS (SQL)     UNDEFINE
 CHANGE        HELP         RESERVED WORDS (PL/SQL)  VARIABLE
 CLEAR         HOST         RUN                      WHENEVER OSERROR
 COLUMN        INPUT        SAVE                     WHENEVER SQLERROR
 COMPUTE       LIST         SET                      XQUERY
 CONNECT       PASSWORD     SHOW


SQL>  select sysdate from dual;

SYSDATE
--------------
14-1月 -18

SQL> ed
已写入 file afiedt.buf

  1*  select sysdate from dual
SQL> select * from dept;
select * from dept
              *
第 1 行出现错误:
ORA-00942: 表或视图不存在


SQL> spool d:a.txt;
SQL> select sysdate from dual;

SYSDATE
--------------
14-1月 -18

SQL> @d:/b.txt
SP2-0310: 无法打开文件 "d:/b.txt"
SQL> @d:/a.txt;
select * from dept
              *
第 1 行出现错误:
ORA-00942: 表或视图不存在


SQL> spool d:/b.txt;

SQL> select * from dept;
select * from dept
              *
第 1 行出现错误:
ORA-00942: 表或视图不存在


SQL> conn scott/123;
ERROR:
ORA-01017: invalid username/password; logon denied


警告: 您不再连接到 ORACLE。
SQL> select * from dept;
SP2-0640: 未连接
SQL> conn scott/tiger;
ERROR:
ORA-28001: the password has expired


更改 scott 的口令
新口令:
重新键入新口令:
口令已更改
已连接。
SQL> select * from dept;

    DEPTNO DNAME          LOC
---------- -------------- -------------
        10 ACCOUNTING     NEW YORK
        20 RESEARCH       DALLAS
        30 SALES          CHICAGO
        40 OPERATIONS     BOSTON

SQL> spool d:/c.txt;
SQL> select * from dept;

    DEPTNO DNAME          LOC
---------- -------------- -------------
        10 ACCOUNTING     NEW YORK
        20 RESEARCH       DALLAS
        30 SALES          CHICAGO
        40 OPERATIONS     BOSTON

SQL> spool off;
SQL> @d:/c.txt;
SP2-0734: 未知的命令开头 "SQL> selec..." - 忽略了剩余的行。
SP2-0734: 未知的命令开头 "DEPTNO DNA..." - 忽略了剩余的行。
SP2-0734: 未知的命令开头 "SQL> spool..." - 忽略了剩余的行。
SQL> @d:/c.tst
SP2-0310: 无法打开文件 "d:/c.tst"
SQL> @d:/c.txt
SP2-0734: 未知的命令开头 "SQL> selec..." - 忽略了剩余的行。
SP2-0734: 未知的命令开头 "DEPTNO DNA..." - 忽略了剩余的行。
SP2-0734: 未知的命令开头 "SQL> spool..." - 忽略了剩余的行。
SQL> @d:/c.txt;
SP2-0734: 未知的命令开头 "SQL> selec..." - 忽略了剩余的行。
SP2-0734: 未知的命令开头 "DEPTNO DNA..." - 忽略了剩余的行。
SP2-0734: 未知的命令开头 "SQL> spool..." - 忽略了剩余的行。
SQL> y
SP2-0042: 未知命令 "y" - 其余行忽略。
SQL>